ASxxxx Linker V03.00 + NoICE + sdld,  page 1.
Hexadecimal  [32-Bits]

Area                                    Addr        Size        Decimal Bytes (Attributes)
--------------------------------        ----        ----        ------- ----- ------------
.  .ABS.                            00000000    00000000 =           0. bytes (ABS,CON)

      Value  Global                              Global Defined In Module
      -----  --------------------------------   ------------------------
     00000000  .__.ABS.                           
     00000000  l__CABS                         
     00000000  l__DABS                         
     00000000  l__GSFINAL                      
     00000000  l__GSINIT                       
     00000000  l__HOME                         
     00000000  l__INITIALIZED                  
     00000000  l__INITIALIZER                  
     00000000  s__CABS                         
     00000000  s__CABS0                        
     00000000  s__DABS                         
     0000003F  l__DATA                         
     00000300  l__CABS0                        
     00000340  s__CODE                         
     00006B60  l__CODE                         
     00006EA0  s__DATA                         
     00006EDF  s__GSFINAL                      
     00006EDF  s__GSINIT                       
     00006EDF  s__HOME                         
     00006EDF  s__INITIALIZED                  
     00006EDF  s__INITIALIZER                  
ASxxxx Linker V03.00 + NoICE + sdld,  page 2.
Hexadecimal  [32-Bits]

Area                                    Addr        Size        Decimal Bytes (Attributes)
--------------------------------        ----        ----        ------- ----- ------------
_CODE                               00000340    00006B60 =       27488. bytes (REL,CON)

      Value  Global                              Global Defined In Module
      -----  --------------------------------   ------------------------
     00000340  _g_mapa01                          fase_01
     00000538  _g_mapa02                          fase_02
     00000730  _g_mapa03                          fase_03
     00000928  _g_mapa04                          fase_04
     00000B20  _g_mapa05                          fase_05
     00000D18  _g_mapa06                          fase_06
     00000F10  _g_mapa07                          fase_07
     00001108  _g_mapa08                          fase_08
     00001300  _g_mapa09                          fase_09
     000014F8  _g_mapa10                          fase_10
     000016F0  _g_mapa11                          fase_11
     000018E8  _g_mapa12                          fase_12
     00001AE0  _g_mapa13                          fase_13
     00001CD8  _g_mapa14                          fase_14
     00001ED0  _g_mapa15                          fase_15
     000020C8  _g_mapa16                          fase_16
     000022C0  _g_mapa17                          fase_17
     000024B8  _g_mapa18                          fase_18
     000026B0  _g_mapa19                          fase_19
     000028A8  _g_mapa20                          fase_20
     00002AA0  _tileset2                          patronesTiles_2
     00002C30  _g_tileset2_000                    patronesTiles_2
     00002C38  _g_tileset2_001                    patronesTiles_2
     00002C40  _g_tileset2_002                    patronesTiles_2
     00002C48  _g_tileset2_003                    patronesTiles_2
     00002C50  _g_tileset2_004                    patronesTiles_2
     00002C58  _g_tileset2_005                    patronesTiles_2
     00002C60  _g_tileset2_006                    patronesTiles_2
     00002C68  _g_tileset2_007                    patronesTiles_2
     00002C70  _g_tileset2_008                    patronesTiles_2
     00002C78  _g_tileset2_009                    patronesTiles_2
     00002C80  _g_tileset2_010                    patronesTiles_2
     00002C88  _g_tileset2_011                    patronesTiles_2
     00002C90  _g_tileset2_012                    patronesTiles_2
     00002C98  _g_tileset2_013                    patronesTiles_2
     00002CA0  _g_tileset2_014                    patronesTiles_2
     00002CA8  _g_tileset2_015                    patronesTiles_2
     00002CB0  _g_tileset2_016                    patronesTiles_2
     00002CB8  _g_tileset2_017                    patronesTiles_2
     00002CC0  _g_tileset2_018                    patronesTiles_2
     00002CC8  _g_tileset2_019                    patronesTiles_2
     00002CD0  _g_tileset2_020                    patronesTiles_2
     00002CD8  _g_tileset2_021                    patronesTiles_2
     00002CE0  _g_tileset2_022                    patronesTiles_2
     00002CE8  _g_tileset2_023                    patronesTiles_2
     00002CF0  _g_tileset2_024                    patronesTiles_2
     00002CF8  _g_tileset2_025                    patronesTiles_2
     00002D00  _g_tileset2_026                    patronesTiles_2
     00002D08  _g_tileset2_027                    patronesTiles_2
     00002D10  _g_tileset2_028                    patronesTiles_2
ASxxxx Linker V03.00 + NoICE + sdld,  page 3.
Hexadecimal  [32-Bits]

Area                                    Addr        Size        Decimal Bytes (Attributes)
--------------------------------        ----        ----        ------- ----- ------------
_CODE                               00000340    00006B60 =       27488. bytes (REL,CON)

      Value  Global                              Global Defined In Module
      -----  --------------------------------   ------------------------
     00002D18  _g_tileset2_029                    patronesTiles_2
     00002D20  _g_tileset2_030                    patronesTiles_2
     00002D28  _g_tileset2_031                    patronesTiles_2
     00002D30  _g_tileset2_032                    patronesTiles_2
     00002D38  _g_tileset2_033                    patronesTiles_2
     00002D40  _g_tileset2_034                    patronesTiles_2
     00002D48  _g_tileset2_035                    patronesTiles_2
     00002D50  _g_tileset2_036                    patronesTiles_2
     00002D58  _g_tileset2_037                    patronesTiles_2
     00002D60  _g_tileset2_038                    patronesTiles_2
     00002D68  _g_tileset2_039                    patronesTiles_2
     00002D70  _g_tileset2_040                    patronesTiles_2
     00002D78  _g_tileset2_041                    patronesTiles_2
     00002D80  _g_tileset2_042                    patronesTiles_2
     00002D88  _g_tileset2_043                    patronesTiles_2
     00002D90  _g_tileset2_044                    patronesTiles_2
     00002D98  _g_tileset2_045                    patronesTiles_2
     00002DA0  _g_tileset2_046                    patronesTiles_2
     00002DA8  _g_tileset2_047                    patronesTiles_2
     00002DB0  _g_tileset2_048                    patronesTiles_2
     00002DB8  _g_tileset2_049                    patronesTiles_2
     00002DC0  _g_tileset2_050                    patronesTiles_2
     00002DC8  _g_tileset2_051                    patronesTiles_2
     00002DD0  _g_tileset2_052                    patronesTiles_2
     00002DD8  _g_tileset2_053                    patronesTiles_2
     00002DE0  _g_tileset2_054                    patronesTiles_2
     00002DE8  _g_tileset2_055                    patronesTiles_2
     00002DF0  _g_tileset2_056                    patronesTiles_2
     00002DF8  _g_tileset2_057                    patronesTiles_2
     00002E00  _g_tileset2_058                    patronesTiles_2
     00002E08  _g_tileset2_059                    patronesTiles_2
     00002E10  _g_tileset2_060                    patronesTiles_2
     00002E18  _g_tileset2_061                    patronesTiles_2
     00002E20  _g_tileset2_062                    patronesTiles_2
     00002E28  _g_tileset2_063                    patronesTiles_2
     00002E30  _g_tileset2_064                    patronesTiles_2
     00002E38  _g_tileset2_065                    patronesTiles_2
     00002E40  _g_tileset2_066                    patronesTiles_2
     00002E48  _g_tileset2_067                    patronesTiles_2
     00002E50  _g_tileset2_068                    patronesTiles_2
     00002E58  _g_tileset2_069                    patronesTiles_2
     00002E60  _g_tileset2_070                    patronesTiles_2
     00002E68  _g_tileset2_071                    patronesTiles_2
     00002E70  _g_tileset2_072                    patronesTiles_2
     00002E78  _g_tileset2_073                    patronesTiles_2
     00002E80  _g_tileset2_074                    patronesTiles_2
     00002E88  _g_tileset2_075                    patronesTiles_2
     00002E90  _g_tileset2_076                    patronesTiles_2
     00002E98  _g_tileset2_077                    patronesTiles_2
     00002EA0  _g_tileset2_078                    patronesTiles_2
     00002EA8  _g_tileset2_079                    patronesTiles_2
ASxxxx Linker V03.00 + NoICE + sdld,  page 4.
Hexadecimal  [32-Bits]

Area                                    Addr        Size        Decimal Bytes (Attributes)
--------------------------------        ----        ----        ------- ----- ------------
_CODE                               00000340    00006B60 =       27488. bytes (REL,CON)

      Value  Global                              Global Defined In Module
      -----  --------------------------------   ------------------------
     00002EB0  _g_tileset2_080                    patronesTiles_2
     00002EB8  _g_tileset2_081                    patronesTiles_2
     00002EC0  _g_tileset2_082                    patronesTiles_2
     00002EC8  _g_tileset2_083                    patronesTiles_2
     00002ED0  _g_tileset2_084                    patronesTiles_2
     00002ED8  _g_tileset2_085                    patronesTiles_2
     00002EE0  _g_tileset2_086                    patronesTiles_2
     00002EE8  _g_tileset2_087                    patronesTiles_2
     00002EF0  _g_tileset2_088                    patronesTiles_2
     00002EF8  _g_tileset2_089                    patronesTiles_2
     00002F00  _g_tileset2_090                    patronesTiles_2
     00002F08  _g_tileset2_091                    patronesTiles_2
     00002F10  _g_tileset2_092                    patronesTiles_2
     00002F18  _g_tileset2_093                    patronesTiles_2
     00002F20  _g_tileset2_094                    patronesTiles_2
     00002F28  _g_tileset2_095                    patronesTiles_2
     00002F30  _g_tileset2_096                    patronesTiles_2
     00002F38  _g_tileset2_097                    patronesTiles_2
     00002F40  _g_tileset2_098                    patronesTiles_2
     00002F48  _g_tileset2_099                    patronesTiles_2
     00002F50  _g_tileset2_100                    patronesTiles_2
     00002F58  _g_tileset2_101                    patronesTiles_2
     00002F60  _g_tileset2_102                    patronesTiles_2
     00002F68  _g_tileset2_103                    patronesTiles_2
     00002F70  _g_tileset2_104                    patronesTiles_2
     00002F78  _g_tileset2_105                    patronesTiles_2
     00002F80  _g_tileset2_106                    patronesTiles_2
     00002F88  _g_tileset2_107                    patronesTiles_2
     00002F90  _g_tileset2_108                    patronesTiles_2
     00002F98  _g_tileset2_109                    patronesTiles_2
     00002FA0  _g_tileset2_110                    patronesTiles_2
     00002FA8  _g_tileset2_111                    patronesTiles_2
     00002FB0  _g_tileset2_112                    patronesTiles_2
     00002FB8  _g_tileset2_113                    patronesTiles_2
     00002FC0  _g_tileset2_114                    patronesTiles_2
     00002FC8  _g_tileset2_115                    patronesTiles_2
     00002FD0  _g_tileset2_116                    patronesTiles_2
     00002FD8  _g_tileset2_117                    patronesTiles_2
     00002FE0  _g_tileset2_118                    patronesTiles_2
     00002FE8  _g_tileset2_119                    patronesTiles_2
     00002FF0  _g_tileset2_120                    patronesTiles_2
     00002FF8  _g_tileset2_121                    patronesTiles_2
     00003000  _g_tileset2_122                    patronesTiles_2
     00003008  _g_tileset2_123                    patronesTiles_2
     00003010  _g_tileset2_124                    patronesTiles_2
     00003018  _g_tileset2_125                    patronesTiles_2
     00003020  _g_tileset2_126                    patronesTiles_2
     00003028  _g_tileset2_127                    patronesTiles_2
     00003030  _g_tileset2_128                    patronesTiles_2
     00003038  _g_tileset2_129                    patronesTiles_2
     00003040  _g_tileset2_130                    patronesTiles_2
ASxxxx Linker V03.00 + NoICE + sdld,  page 5.
Hexadecimal  [32-Bits]

Area                                    Addr        Size        Decimal Bytes (Attributes)
--------------------------------        ----        ----        ------- ----- ------------
_CODE                               00000340    00006B60 =       27488. bytes (REL,CON)

      Value  Global                              Global Defined In Module
      -----  --------------------------------   ------------------------
     00003048  _g_tileset2_131                    patronesTiles_2
     00003050  _g_tileset2_132                    patronesTiles_2
     00003058  _g_tileset2_133                    patronesTiles_2
     00003060  _g_tileset2_134                    patronesTiles_2
     00003068  _g_tileset2_135                    patronesTiles_2
     00003070  _g_tileset2_136                    patronesTiles_2
     00003078  _g_tileset2_137                    patronesTiles_2
     00003080  _g_tileset2_138                    patronesTiles_2
     00003088  _g_tileset2_139                    patronesTiles_2
     00003090  _g_tileset2_140                    patronesTiles_2
     00003098  _g_tileset2_141                    patronesTiles_2
     000030A0  _g_tileset2_142                    patronesTiles_2
     000030A8  _g_tileset2_143                    patronesTiles_2
     000030B0  _g_tileset2_144                    patronesTiles_2
     000030B8  _g_tileset2_145                    patronesTiles_2
     000030C0  _g_tileset2_146                    patronesTiles_2
     000030C8  _g_tileset2_147                    patronesTiles_2
     000030D0  _g_tileset2_148                    patronesTiles_2
     000030D8  _g_tileset2_149                    patronesTiles_2
     000030E0  _g_tileset2_150                    patronesTiles_2
     000030E8  _g_tileset2_151                    patronesTiles_2
     000030F0  _g_tileset2_152                    patronesTiles_2
     000030F8  _g_tileset2_153                    patronesTiles_2
     00003100  _g_tileset2_154                    patronesTiles_2
     00003108  _g_tileset2_155                    patronesTiles_2
     00003110  _g_tileset2_156                    patronesTiles_2
     00003118  _g_tileset2_157                    patronesTiles_2
     00003120  _g_tileset2_158                    patronesTiles_2
     00003128  _g_tileset2_159                    patronesTiles_2
     00003130  _g_tileset2_160                    patronesTiles_2
     00003138  _g_tileset2_161                    patronesTiles_2
     00003140  _g_tileset2_162                    patronesTiles_2
     00003148  _g_tileset2_163                    patronesTiles_2
     00003150  _g_tileset2_164                    patronesTiles_2
     00003158  _g_tileset2_165                    patronesTiles_2
     00003160  _g_tileset2_166                    patronesTiles_2
     00003168  _g_tileset2_167                    patronesTiles_2
     00003170  _g_tileset2_168                    patronesTiles_2
     00003178  _g_tileset2_169                    patronesTiles_2
     00003180  _g_tileset2_170                    patronesTiles_2
     00003188  _g_tileset2_171                    patronesTiles_2
     00003190  _g_tileset2_172                    patronesTiles_2
     00003198  _g_tileset2_173                    patronesTiles_2
     000031A0  _g_tileset2_174                    patronesTiles_2
     000031A8  _g_tileset2_175                    patronesTiles_2
     000031B0  _g_tileset2_176                    patronesTiles_2
     000031B8  _g_tileset2_177                    patronesTiles_2
     000031C0  _g_tileset2_178                    patronesTiles_2
     000031C8  _g_tileset2_179                    patronesTiles_2
     000031D0  _g_tileset2_180                    patronesTiles_2
     000031D8  _g_tileset2_181                    patronesTiles_2
ASxxxx Linker V03.00 + NoICE + sdld,  page 6.
Hexadecimal  [32-Bits]

Area                                    Addr        Size        Decimal Bytes (Attributes)
--------------------------------        ----        ----        ------- ----- ------------
_CODE                               00000340    00006B60 =       27488. bytes (REL,CON)

      Value  Global                              Global Defined In Module
      -----  --------------------------------   ------------------------
     000031E0  _g_tileset2_182                    patronesTiles_2
     000031E8  _g_tileset2_183                    patronesTiles_2
     000031F0  _g_tileset2_184                    patronesTiles_2
     000031F8  _g_tileset2_185                    patronesTiles_2
     00003200  _g_tileset2_186                    patronesTiles_2
     00003208  _g_tileset2_187                    patronesTiles_2
     00003210  _g_tileset2_188                    patronesTiles_2
     00003218  _g_tileset2_189                    patronesTiles_2
     00003220  _g_tileset2_190                    patronesTiles_2
     00003228  _g_tileset2_191                    patronesTiles_2
     00003230  _g_tileset2_192                    patronesTiles_2
     00003238  _g_tileset2_193                    patronesTiles_2
     00003240  _g_tileset2_194                    patronesTiles_2
     00003248  _g_tileset2_195                    patronesTiles_2
     00003250  _g_tileset2_196                    patronesTiles_2
     00003258  _g_tileset2_197                    patronesTiles_2
     00003260  _g_tileset2_198                    patronesTiles_2
     00003268  _g_tileset2_199                    patronesTiles_2
     00003270  _palette                           patronesTiles_1
     00003274  _tileset1                          patronesTiles_1
     00003404  _g_tileset1_000                    patronesTiles_1
     0000340C  _g_tileset1_001                    patronesTiles_1
     00003414  _g_tileset1_002                    patronesTiles_1
     0000341C  _g_tileset1_003                    patronesTiles_1
     00003424  _g_tileset1_004                    patronesTiles_1
     0000342C  _g_tileset1_005                    patronesTiles_1
     00003434  _g_tileset1_006                    patronesTiles_1
     0000343C  _g_tileset1_007                    patronesTiles_1
     00003444  _g_tileset1_008                    patronesTiles_1
     0000344C  _g_tileset1_009                    patronesTiles_1
     00003454  _g_tileset1_010                    patronesTiles_1
     0000345C  _g_tileset1_011                    patronesTiles_1
     00003464  _g_tileset1_012                    patronesTiles_1
     0000346C  _g_tileset1_013                    patronesTiles_1
     00003474  _g_tileset1_014                    patronesTiles_1
     0000347C  _g_tileset1_015                    patronesTiles_1
     00003484  _g_tileset1_016                    patronesTiles_1
     0000348C  _g_tileset1_017                    patronesTiles_1
     00003494  _g_tileset1_018                    patronesTiles_1
     0000349C  _g_tileset1_019                    patronesTiles_1
     000034A4  _g_tileset1_020                    patronesTiles_1
     000034AC  _g_tileset1_021                    patronesTiles_1
     000034B4  _g_tileset1_022                    patronesTiles_1
     000034BC  _g_tileset1_023                    patronesTiles_1
     000034C4  _g_tileset1_024                    patronesTiles_1
     000034CC  _g_tileset1_025                    patronesTiles_1
     000034D4  _g_tileset1_026                    patronesTiles_1
     000034DC  _g_tileset1_027                    patronesTiles_1
     000034E4  _g_tileset1_028                    patronesTiles_1
     000034EC  _g_tileset1_029                    patronesTiles_1
     000034F4  _g_tileset1_030                    patronesTiles_1
ASxxxx Linker V03.00 + NoICE + sdld,  page 7.
Hexadecimal  [32-Bits]

Area                                    Addr        Size        Decimal Bytes (Attributes)
--------------------------------        ----        ----        ------- ----- ------------
_CODE                               00000340    00006B60 =       27488. bytes (REL,CON)

      Value  Global                              Global Defined In Module
      -----  --------------------------------   ------------------------
     000034FC  _g_tileset1_031                    patronesTiles_1
     00003504  _g_tileset1_032                    patronesTiles_1
     0000350C  _g_tileset1_033                    patronesTiles_1
     00003514  _g_tileset1_034                    patronesTiles_1
     0000351C  _g_tileset1_035                    patronesTiles_1
     00003524  _g_tileset1_036                    patronesTiles_1
     0000352C  _g_tileset1_037                    patronesTiles_1
     00003534  _g_tileset1_038                    patronesTiles_1
     0000353C  _g_tileset1_039                    patronesTiles_1
     00003544  _g_tileset1_040                    patronesTiles_1
     0000354C  _g_tileset1_041                    patronesTiles_1
     00003554  _g_tileset1_042                    patronesTiles_1
     0000355C  _g_tileset1_043                    patronesTiles_1
     00003564  _g_tileset1_044                    patronesTiles_1
     0000356C  _g_tileset1_045                    patronesTiles_1
     00003574  _g_tileset1_046                    patronesTiles_1
     0000357C  _g_tileset1_047                    patronesTiles_1
     00003584  _g_tileset1_048                    patronesTiles_1
     0000358C  _g_tileset1_049                    patronesTiles_1
     00003594  _g_tileset1_050                    patronesTiles_1
     0000359C  _g_tileset1_051                    patronesTiles_1
     000035A4  _g_tileset1_052                    patronesTiles_1
     000035AC  _g_tileset1_053                    patronesTiles_1
     000035B4  _g_tileset1_054                    patronesTiles_1
     000035BC  _g_tileset1_055                    patronesTiles_1
     000035C4  _g_tileset1_056                    patronesTiles_1
     000035CC  _g_tileset1_057                    patronesTiles_1
     000035D4  _g_tileset1_058                    patronesTiles_1
     000035DC  _g_tileset1_059                    patronesTiles_1
     000035E4  _g_tileset1_060                    patronesTiles_1
     000035EC  _g_tileset1_061                    patronesTiles_1
     000035F4  _g_tileset1_062                    patronesTiles_1
     000035FC  _g_tileset1_063                    patronesTiles_1
     00003604  _g_tileset1_064                    patronesTiles_1
     0000360C  _g_tileset1_065                    patronesTiles_1
     00003614  _g_tileset1_066                    patronesTiles_1
     0000361C  _g_tileset1_067                    patronesTiles_1
     00003624  _g_tileset1_068                    patronesTiles_1
     0000362C  _g_tileset1_069                    patronesTiles_1
     00003634  _g_tileset1_070                    patronesTiles_1
     0000363C  _g_tileset1_071                    patronesTiles_1
     00003644  _g_tileset1_072                    patronesTiles_1
     0000364C  _g_tileset1_073                    patronesTiles_1
     00003654  _g_tileset1_074                    patronesTiles_1
     0000365C  _g_tileset1_075                    patronesTiles_1
     00003664  _g_tileset1_076                    patronesTiles_1
     0000366C  _g_tileset1_077                    patronesTiles_1
     00003674  _g_tileset1_078                    patronesTiles_1
     0000367C  _g_tileset1_079                    patronesTiles_1
     00003684  _g_tileset1_080                    patronesTiles_1
     0000368C  _g_tileset1_081                    patronesTiles_1
ASxxxx Linker V03.00 + NoICE + sdld,  page 8.
Hexadecimal  [32-Bits]

Area                                    Addr        Size        Decimal Bytes (Attributes)
--------------------------------        ----        ----        ------- ----- ------------
_CODE                               00000340    00006B60 =       27488. bytes (REL,CON)

      Value  Global                              Global Defined In Module
      -----  --------------------------------   ------------------------
     00003694  _g_tileset1_082                    patronesTiles_1
     0000369C  _g_tileset1_083                    patronesTiles_1
     000036A4  _g_tileset1_084                    patronesTiles_1
     000036AC  _g_tileset1_085                    patronesTiles_1
     000036B4  _g_tileset1_086                    patronesTiles_1
     000036BC  _g_tileset1_087                    patronesTiles_1
     000036C4  _g_tileset1_088                    patronesTiles_1
     000036CC  _g_tileset1_089                    patronesTiles_1
     000036D4  _g_tileset1_090                    patronesTiles_1
     000036DC  _g_tileset1_091                    patronesTiles_1
     000036E4  _g_tileset1_092                    patronesTiles_1
     000036EC  _g_tileset1_093                    patronesTiles_1
     000036F4  _g_tileset1_094                    patronesTiles_1
     000036FC  _g_tileset1_095                    patronesTiles_1
     00003704  _g_tileset1_096                    patronesTiles_1
     0000370C  _g_tileset1_097                    patronesTiles_1
     00003714  _g_tileset1_098                    patronesTiles_1
     0000371C  _g_tileset1_099                    patronesTiles_1
     00003724  _g_tileset1_100                    patronesTiles_1
     0000372C  _g_tileset1_101                    patronesTiles_1
     00003734  _g_tileset1_102                    patronesTiles_1
     0000373C  _g_tileset1_103                    patronesTiles_1
     00003744  _g_tileset1_104                    patronesTiles_1
     0000374C  _g_tileset1_105                    patronesTiles_1
     00003754  _g_tileset1_106                    patronesTiles_1
     0000375C  _g_tileset1_107                    patronesTiles_1
     00003764  _g_tileset1_108                    patronesTiles_1
     0000376C  _g_tileset1_109                    patronesTiles_1
     00003774  _g_tileset1_110                    patronesTiles_1
     0000377C  _g_tileset1_111                    patronesTiles_1
     00003784  _g_tileset1_112                    patronesTiles_1
     0000378C  _g_tileset1_113                    patronesTiles_1
     00003794  _g_tileset1_114                    patronesTiles_1
     0000379C  _g_tileset1_115                    patronesTiles_1
     000037A4  _g_tileset1_116                    patronesTiles_1
     000037AC  _g_tileset1_117                    patronesTiles_1
     000037B4  _g_tileset1_118                    patronesTiles_1
     000037BC  _g_tileset1_119                    patronesTiles_1
     000037C4  _g_tileset1_120                    patronesTiles_1
     000037CC  _g_tileset1_121                    patronesTiles_1
     000037D4  _g_tileset1_122                    patronesTiles_1
     000037DC  _g_tileset1_123                    patronesTiles_1
     000037E4  _g_tileset1_124                    patronesTiles_1
     000037EC  _g_tileset1_125                    patronesTiles_1
     000037F4  _g_tileset1_126                    patronesTiles_1
     000037FC  _g_tileset1_127                    patronesTiles_1
     00003804  _g_tileset1_128                    patronesTiles_1
     0000380C  _g_tileset1_129                    patronesTiles_1
     00003814  _g_tileset1_130                    patronesTiles_1
     0000381C  _g_tileset1_131                    patronesTiles_1
     00003824  _g_tileset1_132                    patronesTiles_1
ASxxxx Linker V03.00 + NoICE + sdld,  page 9.
Hexadecimal  [32-Bits]

Area                                    Addr        Size        Decimal Bytes (Attributes)
--------------------------------        ----        ----        ------- ----- ------------
_CODE                               00000340    00006B60 =       27488. bytes (REL,CON)

      Value  Global                              Global Defined In Module
      -----  --------------------------------   ------------------------
     0000382C  _g_tileset1_133                    patronesTiles_1
     00003834  _g_tileset1_134                    patronesTiles_1
     0000383C  _g_tileset1_135                    patronesTiles_1
     00003844  _g_tileset1_136                    patronesTiles_1
     0000384C  _g_tileset1_137                    patronesTiles_1
     00003854  _g_tileset1_138                    patronesTiles_1
     0000385C  _g_tileset1_139                    patronesTiles_1
     00003864  _g_tileset1_140                    patronesTiles_1
     0000386C  _g_tileset1_141                    patronesTiles_1
     00003874  _g_tileset1_142                    patronesTiles_1
     0000387C  _g_tileset1_143                    patronesTiles_1
     00003884  _g_tileset1_144                    patronesTiles_1
     0000388C  _g_tileset1_145                    patronesTiles_1
     00003894  _g_tileset1_146                    patronesTiles_1
     0000389C  _g_tileset1_147                    patronesTiles_1
     000038A4  _g_tileset1_148                    patronesTiles_1
     000038AC  _g_tileset1_149                    patronesTiles_1
     000038B4  _g_tileset1_150                    patronesTiles_1
     000038BC  _g_tileset1_151                    patronesTiles_1
     000038C4  _g_tileset1_152                    patronesTiles_1
     000038CC  _g_tileset1_153                    patronesTiles_1
     000038D4  _g_tileset1_154                    patronesTiles_1
     000038DC  _g_tileset1_155                    patronesTiles_1
     000038E4  _g_tileset1_156                    patronesTiles_1
     000038EC  _g_tileset1_157                    patronesTiles_1
     000038F4  _g_tileset1_158                    patronesTiles_1
     000038FC  _g_tileset1_159                    patronesTiles_1
     00003904  _g_tileset1_160                    patronesTiles_1
     0000390C  _g_tileset1_161                    patronesTiles_1
     00003914  _g_tileset1_162                    patronesTiles_1
     0000391C  _g_tileset1_163                    patronesTiles_1
     00003924  _g_tileset1_164                    patronesTiles_1
     0000392C  _g_tileset1_165                    patronesTiles_1
     00003934  _g_tileset1_166                    patronesTiles_1
     0000393C  _g_tileset1_167                    patronesTiles_1
     00003944  _g_tileset1_168                    patronesTiles_1
     0000394C  _g_tileset1_169                    patronesTiles_1
     00003954  _g_tileset1_170                    patronesTiles_1
     0000395C  _g_tileset1_171                    patronesTiles_1
     00003964  _g_tileset1_172                    patronesTiles_1
     0000396C  _g_tileset1_173                    patronesTiles_1
     00003974  _g_tileset1_174                    patronesTiles_1
     0000397C  _g_tileset1_175                    patronesTiles_1
     00003984  _g_tileset1_176                    patronesTiles_1
     0000398C  _g_tileset1_177                    patronesTiles_1
     00003994  _g_tileset1_178                    patronesTiles_1
     0000399C  _g_tileset1_179                    patronesTiles_1
     000039A4  _g_tileset1_180                    patronesTiles_1
     000039AC  _g_tileset1_181                    patronesTiles_1
     000039B4  _g_tileset1_182                    patronesTiles_1
     000039BC  _g_tileset1_183                    patronesTiles_1
ASxxxx Linker V03.00 + NoICE + sdld,  page 10.
Hexadecimal  [32-Bits]

Area                                    Addr        Size        Decimal Bytes (Attributes)
--------------------------------        ----        ----        ------- ----- ------------
_CODE                               00000340    00006B60 =       27488. bytes (REL,CON)

      Value  Global                              Global Defined In Module
      -----  --------------------------------   ------------------------
     000039C4  _g_tileset1_184                    patronesTiles_1
     000039CC  _g_tileset1_185                    patronesTiles_1
     000039D4  _g_tileset1_186                    patronesTiles_1
     000039DC  _g_tileset1_187                    patronesTiles_1
     000039E4  _g_tileset1_188                    patronesTiles_1
     000039EC  _g_tileset1_189                    patronesTiles_1
     000039F4  _g_tileset1_190                    patronesTiles_1
     000039FC  _g_tileset1_191                    patronesTiles_1
     00003A04  _g_tileset1_192                    patronesTiles_1
     00003A0C  _g_tileset1_193                    patronesTiles_1
     00003A14  _g_tileset1_194                    patronesTiles_1
     00003A1C  _g_tileset1_195                    patronesTiles_1
     00003A24  _g_tileset1_196                    patronesTiles_1
     00003A2C  _g_tileset1_197                    patronesTiles_1
     00003A34  _g_tileset1_198                    patronesTiles_1
     00003A3C  _g_tileset1_199                    patronesTiles_1
     00003A44  _g_palette                         g_palette
     00003A48  _main                              main
     00003B4E  _paletaM1                          main
     00003D66  _G_tile_cruzada                    graficos
     00003DA6  _G_tile_caverna                    graficos
     00003DE6  _G_tile_castillo                   graficos
     00003E26  _G_mendo                           graficos
     00003F06  _G_arabe_1                         graficos
     00003FE6  _G_arabe_2                         graficos
     000040C6  _G_arabe_3                         graficos
     000041A6  _G_fakir                           graficos
     00004286  _G_arabe_boss                      graficos
     00004366  _G_abeja                           graficos
     00004446  _G_pocion                          graficos
     00004486  _G_murcielago                      graficos
     00004566  _G_esqueleto                       graficos
     00004646  _G_gusano                          graficos
     00004726  _G_spider                          graficos
     00004806  _G_goblin                          graficos
     000048E6  _G_cavern_boss                     graficos
     000049C6  _turno                             juego
     00005161  _juego                             juego
     000052AD  _abs                               funciones
     000052D5  _pausa                             funciones
     000052E5  _efecto_pliegue                    funciones
     00005331  _pausaTecladoLibre                 funciones
     0000533C  _dibujarMarcoExterior              funciones
     0000540B  _dibujarMarcoInterior              funciones
     000054A6  _dibujarEscenario                  funciones
     000054EA  _printStats                        funciones
     000055D4  _printLevel                        funciones
     0000561D  _printConsole                      funciones
     00005682  _atacar                            funciones
     000057B8  _defender                          funciones
     00005889  _drawPotion                        funciones
ASxxxx Linker V03.00 + NoICE + sdld,  page 11.
Hexadecimal  [32-Bits]

Area                                    Addr        Size        Decimal Bytes (Attributes)
--------------------------------        ----        ----        ------- ----- ------------
_CODE                               00000340    00006B60 =       27488. bytes (REL,CON)

      Value  Global                              Global Defined In Module
      -----  --------------------------------   ------------------------
     00005899  _initSoldadoArabe1                 niveles
     000058E3  _initSoldadoArabe2                 niveles
     0000592D  _initSoldadoArabe3                 niveles
     00005977  _initFakir                         niveles
     000059BD  _initAbeja                         niveles
     00005A01  _initMurcielago                    niveles
     00005A4A  _initEsqueleto                     niveles
     00005A93  _initGusano                        niveles
     00005AD8  _initSpider                        niveles
     00005B1F  _initGoblin                        niveles
     00005B66  _initPlayer                        niveles
     00005BAB  _initNivel                         niveles
     00005DA2  mydrawStringM1_asm                 cpct_strings
     00005DB4  _mydrawStringM1                    cpct_strings
     00005DD2  mydrawCharM1_inner_asm             cpct_strings
     00005E1B  cpct_char2pxM1                     cpct_strings
     00005E2B  _cpct_isKeyPressed                 cpct_keyboard
     00005E2B  cpct_isKeyPressed_asm              cpct_keyboard
     00005E37  _cpct_setPalette                   cpct_video
     00005E4E  _cpct_scanKeyboard_f               cpct_keyboard
     00005E4E  cpct_scanKeyboard_f_asm            cpct_keyboard
     00005EB8  _cpct_setPALColour                 cpct_video
     00005EC4  _cpct_drawSprite                   cpct_sprites
     00005F69  _cpct_etm_drawTileBox2x4           cpct_easytilemaps
     00005FF8  _cpct_etm_setTileset2x4            cpct_easytilemaps
     00005FF8  cpct_etm_setTileset2x4_asm         cpct_easytilemaps
     00005FFC  __moduchar                         
     00006008  __moduint                          
     00006013  __divuint                          
     0000601B  __divuchar                         
     00006022  __divu8                            
     00006025  __divu16                           
     00006054  _cpct_keyboardStatusBuffer         cpct_keyboard
     0000605E  _cpct_setSeed_mxor                 cpct_random
     0000605E  cpct_setSeed_mxor_asm              cpct_random
     00006066  _cpct_restoreState_mxor_u8         cpct_random
     00006066  cpct_restoreState_mxor_u8_asm      cpct_random
     0000606C  _cpct_getRandom_mxor_u8            cpct_random
     0000606C  cpct_getRandom_mxor_u8_asm         cpct_random
     0000606D  cpct_randomIdx_mxor_u8             cpct_random
     00006091  _cpct_etm_drawTileRow2x4           cpct_easytilemaps
     00006098  cpct_etm_drawTileRow2x4_asm        cpct_easytilemaps
     0000609A  dtr_restore_ptileset               cpct_easytilemaps
     000060B2  _cpct_drawSpriteMasked             cpct_sprites
     00006101  _vsprintf                          sprintf
     00006136  _sprintf                           sprintf
     0000616B  _cpct_nextRandom_mxor_u32          cpct_random
     0000616B  cpct_nextRandom_mxor_u32_asm       cpct_random
     0000618E  _cpct_waitVSYNC                    cpct_video
     0000618E  cpct_waitVSYNC_asm                 cpct_video
     00006196  _cpct_setVideoMode                 cpct_video
ASxxxx Linker V03.00 + NoICE + sdld,  page 12.
Hexadecimal  [32-Bits]

Area                                    Addr        Size        Decimal Bytes (Attributes)
--------------------------------        ----        ----        ------- ----- ------------
_CODE                               00000340    00006B60 =       27488. bytes (REL,CON)

      Value  Global                              Global Defined In Module
      -----  --------------------------------   ------------------------
     000061A4  _cpct_isAnyKeyPressed_f            cpct_keyboard
     000061A4  cpct_isAnyKeyPressed_f_asm         cpct_keyboard
     000061BF  _cpct_memset                       cpct_memutils
     000061CD  _cpct_px2byteM1                    cpct_sprites
     000061CD  cpct_px2byteM1_asm                 cpct_sprites
     000061EA  _cpct_disableFirmware              cpct_firmware
     000061EA  _cpct_removeInterruptHandler       cpct_firmware
     000061EA  cpct_disableFirmware_asm           cpct_firmware
     000061EA  cpct_removeInterruptHandler_asm    cpct_firmware
     000061FA  _cpct_drawSolidBox                 cpct_sprites
     000062A3  cpct_drawTileAligned2x4_f_asm      cpct_sprites
     000062C4  _cpct_mode_rom_status              cpct_firmware
     000062C5  _cpct_setCRTCReg                   cpct_video
     000062D3  _cpct_getScreenPtr                 cpct_video
     000062F3  _cpct_setDrawCharM1                cpct_strings
     00006446  __print_format                     printf_large
     00006E88  _cpct_mxor32_seed                  cpct_random
     00006E8C  ___sdcc_call_hl                    
     00006E8D  dc_mode1_ct                        
     00006E91  _strlen                            

ASxxxx Linker V03.00 + NoICE + sdld,  page 13.
Hexadecimal  [32-Bits]

Area                                    Addr        Size        Decimal Bytes (Attributes)
--------------------------------        ----        ----        ------- ----- ------------
_DATA                               00006EA0    0000003F =          63. bytes (REL,CON)

      Value  Global                              Global Defined In Module
      -----  --------------------------------   ------------------------
     00006EA0  _entidad                           main
     00006EDC  _nivel                             main
     00006EDD  _cursorConsola                     main
     00006EDE  _sig_nivel                         main

ASxxxx Linker V03.00 + NoICE + sdld,  page 14.
Hexadecimal  [32-Bits]

Area                                    Addr        Size        Decimal Bytes (Attributes)
--------------------------------        ----        ----        ------- ----- ------------
_CABS0                              00000000    00000300 =         768. bytes (ABS,CON)

      Value  Global                              Global Defined In Module
      -----  --------------------------------   ------------------------
     00000040  _chardata                          fonts

ASxxxx Linker V03.00 + NoICE + sdld,  page 15.

Files Linked                              [ module(s) ]

obj/mapas/fase_01.rel                     [ fase_01 ]
obj/mapas/fase_02.rel                     [ fase_02 ]
obj/mapas/fase_03.rel                     [ fase_03 ]
obj/mapas/fase_04.rel                     [ fase_04 ]
obj/mapas/fase_05.rel                     [ fase_05 ]
obj/mapas/fase_06.rel                     [ fase_06 ]
obj/mapas/fase_07.rel                     [ fase_07 ]
obj/mapas/fase_08.rel                     [ fase_08 ]
obj/mapas/fase_09.rel                     [ fase_09 ]
obj/mapas/fase_10.rel                     [ fase_10 ]
obj/mapas/fase_11.rel                     [ fase_11 ]
obj/mapas/fase_12.rel                     [ fase_12 ]
obj/mapas/fase_13.rel                     [ fase_13 ]
obj/mapas/fase_14.rel                     [ fase_14 ]
obj/mapas/fase_15.rel                     [ fase_15 ]
obj/mapas/fase_16.rel                     [ fase_16 ]
obj/mapas/fase_17.rel                     [ fase_17 ]
obj/mapas/fase_18.rel                     [ fase_18 ]
obj/mapas/fase_19.rel                     [ fase_19 ]
obj/mapas/fase_20.rel                     [ fase_20 ]
obj/patrones/patronesTiles_2.rel          [ patronesTiles_2 ]
obj/patrones/patronesTiles_1.rel          [ patronesTiles_1 ]
obj/patrones/g_palette.rel                [ g_palette ]
obj/main.rel                              [ main ]
obj/graficos.rel                          [ graficos ]
obj/juego.rel                             [ juego ]
obj/fonts.rel                             [ fonts ]
obj/funciones.rel                         [ funciones ]
obj/niveles.rel                           [ niveles ]
obj/mydrawStringM1_asmbindings.rel        [ cpct_strings ]
obj/mydrawStringM1_cbindings.rel          [ cpct_strings ]
obj/mydrawCharM1_inner.rel                [ cpct_strings ]


Libraries Linked                          [ object file ]

/home/cpp76s/cpctelera_git/cpctelera/cpctelera.lib
                                          [ cpct_isKeyPressed.rel ]
/home/cpp76s/cpctelera_git/cpctelera/cpctelera.lib
                                          [ cpct_setPalette_cbindings.rel ]
/home/cpp76s/cpctelera_git/cpctelera/cpctelera.lib
                                          [ cpct_scanKeyboard_f.rel ]
/home/cpp76s/cpctelera_git/cpctelera/cpctelera.lib
                                          [ cpct_setPALColour_cbindings.rel ]
/home/cpp76s/cpctelera_git/cpctelera/cpctelera.lib
                                          [ cpct_drawSprite_cbindings.rel ]
/home/cpp76s/cpctelera_git/cpctelera/cpctelera.lib
                                          [ cpct_etm_drawTileBox2x4_cbinding ]
/home/cpp76s/cpctelera_git/cpctelera/cpctelera.lib
                                          [ cpct_etm_setTileset2x4.rel ]
/home/cpp76s/cpctelera_git/cpctelera/tools/sdcc-3.6.8-r9946/bin/../share/sdcc/lib/z80/z80.lib
                                          [ modunsigned.rel ]
/home/cpp76s/cpctelera_git/cpctelera/tools/sdcc-3.6.8-r9946/bin/../share/sdcc/lib/z80/z80.lib
                                          [ divunsigned.rel ]
/home/cpp76s/cpctelera_git/cpctelera/cpctelera.lib
                                          [ keyboard.rel ]
/home/cpp76s/cpctelera_git/cpctelera/cpctelera.lib
                                          [ cpct_setSeed_mxor.rel ]
/home/cpp76s/cpctelera_git/cpctelera/cpctelera.lib
                                          [ cpct_restoreState_mxor_u8.rel ]
/home/cpp76s/cpctelera_git/cpctelera/cpctelera.lib
                                          [ cpct_getRandom_mxor_u8.rel ]
/home/cpp76s/cpctelera_git/cpctelera/cpctelera.lib
                                          [ cpct_etm_drawTileRow2x4.rel ]
/home/cpp76s/cpctelera_git/cpctelera/cpctelera.lib
                                          [ cpct_drawSpriteMasked_cbindings. ]
/home/cpp76s/cpctelera_git/cpctelera/tools/sdcc-3.6.8-r9946/bin/../share/sdcc/lib/z80/z80.lib
                                          [ sprintf.rel ]
/home/cpp76s/cpctelera_git/cpctelera/cpctelera.lib
                                          [ cpct_nextRandom_mxor_u32.rel ]
/home/cpp76s/cpctelera_git/cpctelera/cpctelera.lib
                                          [ cpct_waitVSYNC.rel ]
/home/cpp76s/cpctelera_git/cpctelera/cpctelera.lib
                                          [ cpct_setVideoMode_cbindings.rel ]
/home/cpp76s/cpctelera_git/cpctelera/cpctelera.lib
                                          [ cpct_isAnyKeyPressed_f.rel ]
/home/cpp76s/cpctelera_git/cpctelera/cpctelera.lib
                                          [ cpct_memset_cbinding.rel ]
/home/cpp76s/cpctelera_git/cpctelera/cpctelera.lib
                                          [ cpct_px2byteM1.rel ]
/home/cpp76s/cpctelera_git/cpctelera/cpctelera.lib
                                          [ cpct_removeInterruptHandler.rel ]
/home/cpp76s/cpctelera_git/cpctelera/cpctelera.lib
                                          [ cpct_drawSolidBox_cbindings.rel ]
/home/cpp76s/cpctelera_git/cpctelera/cpctelera.lib
                                          [ cpct_drawTileAligned2x4_f_asmbin ]
/home/cpp76s/cpctelera_git/cpctelera/cpctelera.lib
                                          [ cpc_mode_rom_status.rel ]
/home/cpp76s/cpctelera_git/cpctelera/cpctelera.lib
                                          [ cpct_setCRTCReg_cbindings.rel ]
/home/cpp76s/cpctelera_git/cpctelera/cpctelera.lib
                                          [ cpct_getScreenPtr_cbindings.rel ]
/home/cpp76s/cpctelera_git/cpctelera/cpctelera.lib
                                          [ cpct_setDrawCharM1_cbindings.rel ]
/home/cpp76s/cpctelera_git/cpctelera/tools/sdcc-3.6.8-r9946/bin/../share/sdcc/lib/z80/z80.lib
                                          [ printf_large.rel ]
/home/cpp76s/cpctelera_git/cpctelera/cpctelera.lib
                                          [ cpct_mxor32_seed.rel ]
/home/cpp76s/cpctelera_git/cpctelera/tools/sdcc-3.6.8-r9946/bin/../share/sdcc/lib/z80/z80.lib
                                          [ __sdcc_call_hl.rel ]
/home/cpp76s/cpctelera_git/cpctelera/cpctelera.lib
                                          [ cpct_dc_mode1_ct.rel ]
/home/cpp76s/cpctelera_git/cpctelera/tools/sdcc-3.6.8-r9946/bin/../share/sdcc/lib/z80/z80.lib
                                          [ strlen.rel ]

ASxxxx Linker V03.00 + NoICE + sdld,  page 16.

User Base Address Definitions

_CODE = 0x0340
_DATA = 0x0000

